// Vitest Snapshot v1, https://vitest.dev/guide/snapshot.html

exports[`DefaultLayout > should be able to render correcly 1`] = `
{
  "asFragment": [Function],
  "baseElement": <body>
    <div>
      <div
        class="MuiBox-root css-21eb5z"
      >
        <header
          class="MuiBox-root css-1utcncn"
        >
          <div
            class="MuiBox-root css-axw7ok"
          >
            <h4
              class="MuiTypography-root MuiTypography-h4 css-zg625t-MuiTypography-root"
            >
              Eco
            </h4>
            <img
              alt=""
              data-nimg="1"
              decoding="async"
              height="40"
              loading="lazy"
              src="/src/assets/logo.svg"
              style="color: transparent;"
              width="40"
            />
          </div>
        </header>
        <main
          class="MuiBox-root css-16too2"
        >
          <div>
            Test Content
          </div>
        </main>
      </div>
    </div>
  </body>,
  "container": <div>
    <div
      class="MuiBox-root css-21eb5z"
    >
      <header
        class="MuiBox-root css-1utcncn"
      >
        <div
          class="MuiBox-root css-axw7ok"
        >
          <h4
            class="MuiTypography-root MuiTypography-h4 css-zg625t-MuiTypography-root"
          >
            Eco
          </h4>
          <img
            alt=""
            data-nimg="1"
            decoding="async"
            height="40"
            loading="lazy"
            src="/src/assets/logo.svg"
            style="color: transparent;"
            width="40"
          />
        </div>
      </header>
      <main
        class="MuiBox-root css-16too2"
      >
        <div>
          Test Content
        </div>
      </main>
    </div>
  </div>,
  "debug": [Function],
  "findAllByAltText": [Function],
  "findAllByDisplayValue": [Function],
  "findAllByLabelText": [Function],
  "findAllByPlaceholderText": [Function],
  "findAllByRole": [Function],
  "findAllByTestId": [Function],
  "findAllByText": [Function],
  "findAllByTitle": [Function],
  "findByAltText": [Function],
  "findByDisplayValue": [Function],
  "findByLabelText": [Function],
  "findByPlaceholderText": [Function],
  "findByRole": [Function],
  "findByTestId": [Function],
  "findByText": [Function],
  "findByTitle": [Function],
  "getAllByAltText": [Function],
  "getAllByDisplayValue": [Function],
  "getAllByLabelText": [Function],
  "getAllByPlaceholderText": [Function],
  "getAllByRole": [Function],
  "getAllByTestId": [Function],
  "getAllByText": [Function],
  "getAllByTitle": [Function],
  "getByAltText": [Function],
  "getByDisplayValue": [Function],
  "getByLabelText": [Function],
  "getByPlaceholderText": [Function],
  "getByRole": [Function],
  "getByTestId": [Function],
  "getByText": [Function],
  "getByTitle": [Function],
  "queryAllByAltText": [Function],
  "queryAllByDisplayValue": [Function],
  "queryAllByLabelText": [Function],
  "queryAllByPlaceholderText": [Function],
  "queryAllByRole": [Function],
  "queryAllByTestId": [Function],
  "queryAllByText": [Function],
  "queryAllByTitle": [Function],
  "queryByAltText": [Function],
  "queryByDisplayValue": [Function],
  "queryByLabelText": [Function],
  "queryByPlaceholderText": [Function],
  "queryByRole": [Function],
  "queryByTestId": [Function],
  "queryByText": [Function],
  "queryByTitle": [Function],
  "rerender": [Function],
  "unmount": [Function],
}
`;
